((((2*(a)^2))^2+((2*(a)^9))^2)+((5*(a)^1))^2)
4x^4 + 4x^18 + 25x^2