((((2*a)+(3*(a)^6))+(a)^1))^2
18x^7 + 9x^12 + 9x^2