(((((2*a)+(3*(a)^6))+(1*(a)^2)))^4-((4*a)+(3*(a)^2)))
108x^20 + 81x^24 + 216x^19 + 54x^16 + 216x^15 + 216x^14 + 12x^12 + 72x^11 + 144x^10 + 96x^9 + 1x^8 + 8x^7 + 24x^6 + 32x^5 + 16x^4 + -3x^2 + -4x^1