(((76*(a)^1)+(56*(a)^20))+((2*(a)^2)+(3*a)))
2x^2 + 56x^20 + 79x^1