((2*(a)^4)-(((2*(a)^1)+(8*(a)^3)))^2)
-30x^4 + -64x^6 + -4x^2