((((28*(a)^2)-(1*(a)^2))+(((32*(a)^3)-(27*(a)^8)))^2)-((32*(a)^1)+(1*(a)^3)))
-1728x^11 + 729x^16 + 1024x^6 + -1x^3 + 27x^2 + -32x^1