(((2*a)+(39*(a)^2)))^4
474552x^7 + 2313441x^8 + 36504x^6 + 1248x^5 + 16x^4