(((2*(x)^2)+(3*(x)^7))-(3*(x)^1))
2x^2 + 3x^7 + -3x^1