((((2*(a)^3)+(7*(a)^4))+(1*(a)^2)))^5
24010x^19 + 16807x^20 + 25725x^18 + 17640x^17 + 9870x^16 + 4092x^15 + 1410x^14 + 360x^13 + 75x^12 + 10x^11 + 1x^10