(((2*(a)^2)+(3*(a)^10))-((2*(a)^2)+(3)^10))
0x^2 + 3x^10 + -59049x^0