(((8*(a)^5)+(2*(a)^4))*((9*(a)^5)+(1*(a)^1)))
18x^9 + 72x^10 + 8x^6 + 2x^5